// Jest Snapshot v1, https://goo.gl/fbAQLP

exports[`Home screen should render correctly Home page renders correctly 1`] = `null`;
